[
  [
    "name",
    "abbreviation",
    "age"
  ],
  [
    "alpha",
    "a",
    1
  ],
  [
    "beta",
    "b",
    2
  ],
  [
    "gamma",
    "g",
    3
  ]
]
